â•â•â•â•â•â•â•â•â•â•â•â•â•â•â•â•â•â•â•â•â•â•â•â•â•â•â•â•â•â•â•â•â•â•â•â•â•â•â•â•â•â•â•â•â•â•â•â•â•â•â•â•â•â•â•â•â•â•â•â•â•â•â•
      ×”×•×¨××•×ª ×œ×”×¤×¢×œ×” Game Project ×¢×œ Mac
â•â•â•â•â•â•â•â•â•â•â•â•â•â•â•â•â•â•â•â•â•â•â•â•â•â•â•â•â•â•â•â•â•â•â•â•â•â•â•â•â•â•â•â•â•â•â•â•â•â•â•â•â•â•â•â•â•â•â•â•â•â•â•

ğŸ”§ ×“×¨×™×©×•×ª ××•×§×“××•×ª:
  â€¢ Node.js 16+ (×‘×“×•×§: node --version)
  â€¢ Python 3.8+ (×‘×“×•×§: python3 --version)
  â€¢ Git (×‘×“×•×§: git --version)

âŒ ×× python3 ×œ× ××•×ª×§×Ÿ:
  1. ×”×ª×§×Ÿ Homebrew:
     /bin/bash -c "$(curl -fsSL https://raw.githubusercontent.com/Homebrew/install/HEAD/install.sh)"
  
  2. ×”×ª×§×Ÿ Python:
     brew install python@3.11
  
  3. ×•×•×“×:
     python3 --version

â•â•â•â•â•â•â•â•â•â•â•â•â•â•â•â•â•â•â•â•â•â•â•â•â•â•â•â•â•â•â•â•â•â•â•â•â•â•â•â•â•â•â•â•â•â•â•â•â•â•â•â•â•â•â•â•â•â•â•â•â•â•â•
      ×©×œ×‘×™× ×œ×”×¤×¢×œ×”
â•â•â•â•â•â•â•â•â•â•â•â•â•â•â•â•â•â•â•â•â•â•â•â•â•â•â•â•â•â•â•â•â•â•â•â•â•â•â•â•â•â•â•â•â•â•â•â•â•â•â•â•â•â•â•â•â•â•â•â•â•â•â•

×©×œ×‘ 1: Clone ××ª ×”×¤×¨×•×™×§×˜
â”€â”€â”€â”€â”€â”€â”€â”€â”€â”€â”€â”€â”€â”€â”€â”€â”€â”€â”€â”€â”€â”€â”€â”€â”€â”€
$ git clone https://github.com/RotemD2b2t/Game.git
$ cd Game

×©×œ×‘ 2: ×”×ª×§×Ÿ Python dependencies
â”€â”€â”€â”€â”€â”€â”€â”€â”€â”€â”€â”€â”€â”€â”€â”€â”€â”€â”€â”€â”€â”€â”€â”€â”€â”€â”€â”€â”€â”€â”€â”€â”€â”€
$ python3 -m pip install -r requirements.txt

××•:
$ pip3 install -r requirements.txt

×©×œ×‘ 3: ×”×ª×§×Ÿ Node dependencies
â”€â”€â”€â”€â”€â”€â”€â”€â”€â”€â”€â”€â”€â”€â”€â”€â”€â”€â”€â”€â”€â”€â”€â”€â”€â”€â”€â”€â”€â”€â”€â”€
$ npm install

×©×œ×‘ 4: ×‘× ×” ××ª Frontend
â”€â”€â”€â”€â”€â”€â”€â”€â”€â”€â”€â”€â”€â”€â”€â”€â”€â”€â”€â”€â”€â”€â”€â”€
$ npm run build

×©×œ×‘ 5: ×”×¤×¢×œ ××ª ×”×©×¨×ª
â”€â”€â”€â”€â”€â”€â”€â”€â”€â”€â”€â”€â”€â”€â”€â”€â”€â”€â”€â”€â”€â”€â”€â”€
×‘×—×¨ ××—×“ ××”×©× ×™×™×:

××¤×©×¨×•×ª A (××•××œ×¥):
$ npm run dev

××¤×©×¨×•×ª B:
$ python3 main.py

×©×œ×‘ 6: ×’×© ×œ××ª×¨
â”€â”€â”€â”€â”€â”€â”€â”€â”€â”€â”€â”€â”€â”€â”€
×¤×ª×— ××ª ×”×“×¤×“×¤×Ÿ ×•×’×© ×œ:
http://localhost:5000

â•â•â•â•â•â•â•â•â•â•â•â•â•â•â•â•â•â•â•â•â•â•â•â•â•â•â•â•â•â•â•â•â•â•â•â•â•â•â•â•â•â•â•â•â•â•â•â•â•â•â•â•â•â•â•â•â•â•â•â•â•â•â•
      ×‘×“×™×§×ª Credentials ×‘×¢×ª ×”×”×¤×¢×œ×” ×”×¨××©×•× ×”
â•â•â•â•â•â•â•â•â•â•â•â•â•â•â•â•â•â•â•â•â•â•â•â•â•â•â•â•â•â•â•â•â•â•â•â•â•â•â•â•â•â•â•â•â•â•â•â•â•â•â•â•â•â•â•â•â•â•â•â•â•â•â•

Username: RotemD
Password: admin123

(××œ ×ª×©×›×— ×œ×©× ×•×ª ××ª ×”×¡×™×¡××” ×‘×¤×¨×•×“×§×©×Ÿ!)

â•â•â•â•â•â•â•â•â•â•â•â•â•â•â•â•â•â•â•â•â•â•â•â•â•â•â•â•â•â•â•â•â•â•â•â•â•â•â•â•â•â•â•â•â•â•â•â•â•â•â•â•â•â•â•â•â•â•â•â•â•â•â•
      ×‘×¢×™×•×ª × ×¤×•×¦×•×ª
â•â•â•â•â•â•â•â•â•â•â•â•â•â•â•â•â•â•â•â•â•â•â•â•â•â•â•â•â•â•â•â•â•â•â•â•â•â•â•â•â•â•â•â•â•â•â•â•â•â•â•â•â•â•â•â•â•â•â•â•â•â•â•

â“ "python: command not found"
âœ“ ×¤×ª×¨×•×Ÿ: ×”×©×ª××© ×‘- python3

â“ "pip: command not found"
âœ“ ×¤×ª×¨×•×Ÿ: ×”×©×ª××© ×‘- pip3 ××• python3 -m pip

â“ Port 5000 ×ª×¤×•×¡
âœ“ ×¤×ª×¨×•×Ÿ:
  lsof -i :5000        (×‘×“×•×§ ××™ ×ª×•×¤×¡)
  kill -9 <PID>        (×”×¨×•×’ ××ª ×”×ª×”×œ×™×š)

â“ Database ×œ× ×§×™×™×
âœ“ ×¤×ª×¨×•×Ÿ: ×™×•×¦×¨ ××•×˜×•××˜×™×ª ×›×©×¤×•×ª×— ××ª main.py

â•â•â•â•â•â•â•â•â•â•â•â•â•â•â•â•â•â•â•â•â•â•â•â•â•â•â•â•â•â•â•â•â•â•â•â•â•â•â•â•â•â•â•â•â•â•â•â•â•â•â•â•â•â•â•â•â•â•â•â•â•â•â•
      ×‘×“×™×§×ª ×”×ª×›×•× ×•×ª
â•â•â•â•â•â•â•â•â•â•â•â•â•â•â•â•â•â•â•â•â•â•â•â•â•â•â•â•â•â•â•â•â•â•â•â•â•â•â•â•â•â•â•â•â•â•â•â•â•â•â•â•â•â•â•â•â•â•â•â•â•â•â•

1ï¸âƒ£  Admin Dashboard:
   - ×”×ª×—×‘×¨ ×›- RotemD
   - ×’×© ×œ- http://localhost:5000/admin

2ï¸âƒ£  Ad Placeholders (×× admin ×¢× premium):
   - ×‘Admin: ×œ×—×¥ "Toggle Premium" ×¢×‘×•×¨ RotemD
   - ×”×ª×—×‘×¨ ××—×“×©
   - ×××•×¨ ×œ×¨××•×ª ××œ×‘× ×™× ××¤×•×¨×™× ×‘××§×•× ×”××•×“×¢×•×ª

3ï¸âƒ£  Daily Game Limit:
   - ×”×ª×—×‘×¨ ×›-user ×œ×-premium
   - ×œ×—×¥ "×©×—×§ ×¢×›×©×™×•"
   - ××©×—×§ ×¨××©×•×Ÿ - ××™×Ÿ ads
   - ×œ×—×¥ "×©×—×§ ×¢×›×©×™×•" ×©×•×‘ - ×™×•×¤×™×¢ modal ×¢× ×¤×¨×¡×•××ª

â•â•â•â•â•â•â•â•â•â•â•â•â•â•â•â•â•â•â•â•â•â•â•â•â•â•â•â•â•â•â•â•â•â•â•â•â•â•â•â•â•â•â•â•â•â•â•â•â•â•â•â•â•â•â•â•â•â•â•â•â•â•â•
      ×¦×¢×“×™× × ×•×¡×¤×™×
â•â•â•â•â•â•â•â•â•â•â•â•â•â•â•â•â•â•â•â•â•â•â•â•â•â•â•â•â•â•â•â•â•â•â•â•â•â•â•â•â•â•â•â•â•â•â•â•â•â•â•â•â•â•â•â•â•â•â•â•â•â•â•

1. ×¢×“×›×Ÿ AdSense Slot IDs:
   client/src/lib/adConfig.ts

2. ×˜×¡×˜ ×¢×œ ×”-published domain (Replit)

3. ×‘×“×•×§ AdSense Dashboard ×œ×“×•×—×•×ª ×”×›× ×¡×”

â•â•â•â•â•â•â•â•â•â•â•â•â•â•â•â•â•â•â•â•â•â•â•â•â•â•â•â•â•â•â•â•â•â•â•â•â•â•â•â•â•â•â•â•â•â•â•â•â•â•â•â•â•â•â•â•â•â•â•â•â•â•â•
